2026-08-27 10:55:17,609 INFO GET /amazon.html -> 200
2026-08-27 10:55:17,759 INFO GET /styles/shared/general.css -> 200
2026-08-27 10:55:17,937 INFO GET /styles/shared/amazon-header.css -> 200
2026-08-27 10:55:17,937 INFO GET /styles/pages/amazon.css -> 200
2026-08-27 10:55:17,937 INFO GET /scripts/amazon.js -> 200
2026-08-27 10:55:17,937 INFO GET /images/topazion-header-mark.png -> 200
2026-08-27 10:55:17,949 INFO GET /images/icons/search-icon.png -> 200
2026-08-27 10:55:18,078 INFO GET /data/cart.js -> 200
2026-08-27 10:55:18,276 INFO GET /data/backend.js -> 200
2026-08-27 10:55:18,276 INFO GET /data/products.js -> 200
2026-08-27 10:55:18,276 INFO GET /scripts/uitils/money.js -> 200
2026-08-27 10:55:18,276 INFO GET /scripts/account.js -> 200
2026-08-27 10:55:18,276 INFO GET /scripts/uitils/sanitize.js -> 200
2026-08-27 10:55:18,396 INFO GET /products -> 200
2026-08-27 10:55:18,625 INFO GET /images/products/adults-plain-cotton-tshirt-2-pack-teal.jpg -> 200
2026-08-27 10:55:18,726 INFO GET /images/products/black-2-slot-toaster.jpg -> 200
2026-08-27 10:55:18,726 INFO GET /images/icons/cart-icon.png -> 200
2026-08-27 10:55:18,726 INFO GET /images/products/athletic-cotton-socks-6-pairs.jpg -> 200
2026-08-27 10:55:18,744 INFO GET /images/ratings/rating-45.png -> 200
2026-08-27 10:55:18,750 INFO GET /images/icons/checkmark.png -> 200
2026-08-27 10:55:18,941 INFO GET /images/products/intermediate-composite-basketball.jpg -> 200
2026-08-27 10:55:19,041 INFO GET /images/ratings/rating-40.png -> 200
2026-08-27 10:55:19,068 INFO GET /images/ratings/rating-50.png -> 200
2026-08-27 10:55:19,069 INFO GET /images/products/6-piece-white-dinner-plate-set.jpg -> 200
2026-08-27 10:55:19,077 INFO GET /images/products/6-piece-non-stick-baking-set.webp -> 200
2026-08-27 10:55:19,079 INFO GET /images/products/plain-hooded-fleece-sweatshirt-yellow.jpg -> 200
2026-08-27 10:55:19,274 INFO GET /images/products/luxury-tower-set-6-piece.jpg -> 200
2026-08-27 10:55:19,356 INFO GET /images/products/liquid-laundry-detergent-plain.jpg -> 200
2026-08-27 10:55:19,383 INFO GET /images/products/knit-athletic-sneakers-gray.jpg -> 200
2026-08-27 10:55:19,383 INFO GET /images/products/women-chiffon-beachwear-coverup-black.jpg -> 200
2026-08-27 10:55:19,387 INFO GET /images/products/round-sunglasses-black.jpg -> 200
2026-08-27 10:55:19,722 INFO GET /images/topazion-favicon.jpg -> 200
2026-08-27 10:55:36,162 INFO GET /amazon.html -> 304
2026-08-27 10:55:36,490 INFO GET /styles/pages/amazon.css -> 304
2026-08-27 10:55:36,490 INFO GET /styles/shared/amazon-header.css -> 304
2026-08-27 10:55:36,490 INFO GET /styles/shared/general.css -> 304
2026-08-27 10:55:36,490 INFO GET /scripts/amazon.js -> 200
2026-08-27 10:55:36,490 INFO GET /images/icons/cart-icon.png -> 304
2026-08-27 10:55:36,490 INFO GET /images/topazion-header-mark.png -> 304
2026-08-27 10:55:36,799 INFO GET /data/cart.js -> 304
2026-08-27 10:55:36,838 INFO GET /data/products.js -> 304
2026-08-27 10:55:36,838 INFO GET /scripts/uitils/money.js -> 304
2026-08-27 10:55:36,838 INFO GET /data/backend.js -> 304
2026-08-27 10:55:36,838 INFO GET /scripts/account.js -> 304
2026-08-27 10:55:36,838 INFO GET /scripts/uitils/sanitize.js -> 304
2026-08-27 10:55:37,114 INFO GET /products -> 200
2026-08-27 10:55:37,173 INFO GET /images/products/adults-plain-cotton-tshirt-2-pack-teal.jpg -> 304
2026-08-27 10:55:37,430 INFO GET /images/icons/search-icon.png -> 304
2026-08-27 10:55:37,430 INFO GET /images/products/black-2-slot-toaster.jpg -> 304
2026-08-27 10:55:37,430 INFO GET /images/products/athletic-cotton-socks-6-pairs.jpg -> 304
2026-08-27 10:55:37,430 INFO GET /images/ratings/rating-45.png -> 304
2026-08-27 10:55:37,430 INFO GET /images/icons/checkmark.png -> 304
2026-08-27 10:55:37,477 INFO GET /images/products/intermediate-composite-basketball.jpg -> 304
2026-08-27 10:55:37,747 INFO GET /images/ratings/rating-40.png -> 304
2026-08-27 10:55:37,747 INFO GET /images/products/6-piece-white-dinner-plate-set.jpg -> 304
2026-08-27 10:55:37,747 INFO GET /images/ratings/rating-50.png -> 304
2026-08-27 10:55:37,747 INFO GET /images/products/6-piece-non-stick-baking-set.webp -> 304
2026-08-27 10:55:37,759 INFO GET /images/products/plain-hooded-fleece-sweatshirt-yellow.jpg -> 304
2026-08-27 10:55:37,795 INFO GET /images/products/luxury-tower-set-6-piece.jpg -> 304
2026-08-27 10:55:38,070 INFO GET /images/products/knit-athletic-sneakers-gray.jpg -> 304
2026-08-27 10:55:38,070 INFO GET /images/products/liquid-laundry-detergent-plain.jpg -> 304
2026-08-27 10:55:38,070 INFO GET /images/products/women-chiffon-beachwear-coverup-black.jpg -> 304
2026-08-27 10:55:38,070 INFO GET /images/products/round-sunglasses-black.jpg -> 304
2026-08-27 10:55:39,396 INFO GET /images/products/men-golf-polo-t-shirt-blue.jpg -> 200
2026-08-27 10:55:39,396 INFO GET /images/products/women-chunky-beanie-gray.webp -> 200
2026-08-27 10:55:39,396 INFO GET /images/products/women-stretch-popover-hoodie-black.jpg -> 200
2026-08-27 10:55:39,396 INFO GET /images/products/men-navigator-sunglasses-brown.jpg -> 200
2026-08-27 10:55:39,396 INFO GET /images/products/bathroom-rug.jpg -> 200
2026-08-27 10:55:39,396 INFO GET /images/products/vanity-mirror-silver.jpg -> 200
2026-08-27 10:55:39,719 INFO GET /images/ratings/rating-35.png -> 200
2026-08-27 10:55:39,719 INFO GET /images/products/men-slim-fit-summer-shorts-gray.jpg -> 200
2026-08-27 10:55:39,719 INFO GET /images/products/sky-flower-stud-earrings.webp -> 200
2026-08-27 10:56:08,298 INFO GET /products -> 200
2026-08-27 10:56:20,701 INFO GET /amazon.html -> 200
2026-08-27 10:56:20,968 INFO GET /styles/shared/general.css -> 304
2026-08-27 10:56:21,035 INFO GET /images/topazion-header-mark.png -> 304
2026-08-27 10:56:21,035 INFO GET /styles/shared/amazon-header.css -> 304
2026-08-27 10:56:21,035 INFO GET /styles/pages/amazon.css -> 304
2026-08-27 10:56:21,035 INFO GET /images/icons/search-icon.png -> 304
2026-08-27 10:56:21,051 INFO GET /scripts/amazon.js -> 304
2026-08-27 10:56:21,368 INFO GET /data/cart.js -> 304
2026-08-27 10:56:21,368 INFO GET /data/backend.js -> 304
2026-08-27 10:56:21,368 INFO GET /images/icons/cart-icon.png -> 304
2026-08-27 10:56:21,685 INFO GET /data/products.js -> 200
2026-08-27 10:56:21,685 INFO GET /scripts/uitils/money.js -> 304
2026-08-27 10:56:21,685 INFO GET /scripts/account.js -> 304
2026-08-27 10:56:21,951 INFO GET /scripts/uitils/sanitize.js -> 304
2026-08-27 10:56:22,003 INFO GET /products -> 200
2026-08-27 10:56:22,273 INFO GET /images/products/adults-plain-cotton-tshirt-2-pack-teal.jpg -> 304
2026-08-27 10:56:22,321 INFO GET /images/ratings/rating-45.png -> 304
2026-08-27 10:56:22,321 INFO GET /images/icons/checkmark.png -> 304
2026-08-27 10:56:22,321 INFO GET /images/products/athletic-cotton-socks-6-pairs.jpg -> 304
2026-08-27 10:56:22,585 INFO GET /images/products/bathroom-rug.jpg -> 304
2026-08-27 10:56:22,638 INFO GET /images/products/women-chunky-beanie-gray.webp -> 304
2026-08-27 10:56:22,638 INFO GET /images/ratings/rating-50.png -> 304
2026-08-27 10:56:22,638 INFO GET /images/products/women-stretch-popover-hoodie-black.jpg -> 304
2026-08-27 10:56:22,904 INFO GET /images/products/round-sunglasses-black.jpg -> 304
2026-08-27 10:56:22,953 INFO GET /images/products/men-golf-polo-t-shirt-blue.jpg -> 304
2026-08-27 10:56:22,953 INFO GET /images/products/vanity-mirror-silver.jpg -> 304
2026-08-27 10:56:22,955 INFO GET /images/products/men-navigator-sunglasses-brown.jpg -> 304
2026-08-27 10:56:23,220 INFO GET /images/ratings/rating-35.png -> 304
2026-08-27 10:56:23,269 INFO GET /images/products/men-slim-fit-summer-shorts-gray.jpg -> 304
2026-08-27 10:56:23,269 INFO GET /images/ratings/rating-40.png -> 304
2026-08-27 10:56:23,269 INFO GET /images/products/sky-flower-stud-earrings.webp -> 304
2026-08-27 10:56:23,551 INFO GET /images/products/black-2-slot-toaster.jpg -> 304
2026-08-27 10:56:23,584 INFO GET /images/products/6-piece-white-dinner-plate-set.jpg -> 304
2026-08-27 10:56:23,684 INFO GET /images/products/coffeemaker-with-glass-carafe-black.jpg -> 200
2026-08-27 10:56:23,684 INFO GET /images/products/facial-tissue-2-ply-18-boxes.jpg -> 200
2026-08-27 10:56:23,868 INFO GET /images/products/round-airtight-food-storage-containers.jpg -> 200
2026-08-27 10:56:23,901 INFO GET /images/products/electric-glass-and-steel-hot-water-kettle.webp -> 200
2026-08-27 10:56:24,001 INFO GET /images/products/6-piece-non-stick-baking-set.webp -> 304
2026-08-27 10:56:24,001 INFO GET /images/products/floral-mixing-bowl-set.jpg -> 200
2026-08-27 10:56:24,185 INFO GET /images/products/kitchen-paper-towels-30-pack.jpg -> 200
2026-08-27 10:56:24,218 INFO GET /images/products/non-stick-cooking-set-15-pieces.webp -> 200
2026-08-27 10:56:24,318 INFO GET /images/products/trash-can-with-foot-pedal-50-liter.jpg -> 200
2026-08-27 10:56:24,318 INFO GET /images/products/countertop-blender-64-oz.jpg -> 200
2026-08-27 10:56:41,921 INFO GET /product.html -> 200
2026-08-27 10:56:42,253 INFO GET /styles/pages/product.css -> 200
2026-08-27 10:56:42,254 INFO GET /styles/shared/general.css -> 304
2026-08-27 10:56:42,254 INFO GET /styles/shared/amazon-header.css -> 304
2026-08-27 10:56:42,254 INFO GET /scripts/product.js -> 200
2026-08-27 10:56:42,254 INFO GET /images/topazion-header-mark.png -> 304
2026-08-27 10:56:42,254 INFO GET /images/icons/search-icon.png -> 304
2026-08-27 10:56:42,567 INFO GET /data/cart.js -> 304
2026-08-27 10:56:42,604 INFO GET /data/backend.js -> 304
2026-08-27 10:56:42,605 INFO GET /scripts/uitils/sanitize.js -> 304
2026-08-27 10:56:42,605 INFO GET /data/products.js -> 304
2026-08-27 10:56:42,606 INFO GET /images/icons/cart-icon.png -> 304
2026-08-27 10:56:42,920 INFO GET /scripts/uitils/money.js -> 304
2026-08-27 10:56:43,180 INFO GET /products -> 200
2026-08-27 10:56:43,233 INFO GET /images/products/black-2-slot-toaster.jpg -> 304
2026-08-27 10:56:43,244 INFO GET /favicon.ico -> 404
2026-08-27 10:56:58,021 INFO GET /jasmine-standalone-5.1.1/tests.html -> 200
2026-08-27 10:56:58,379 INFO GET /jasmine-standalone-5.1.1/lib/jasmine-5.1.1/jasmine.css -> 200
2026-08-27 10:56:58,379 INFO GET /jasmine-standalone-5.1.1/lib/jasmine-5.1.1/jasmine.js -> 200
2026-08-27 10:56:58,379 INFO GET /jasmine-standalone-5.1.1/lib/jasmine-5.1.1/jasmine-html.js -> 200
2026-08-27 10:56:58,379 INFO GET /jasmine-standalone-5.1.1/lib/jasmine-5.1.1/boot0.js -> 200
2026-08-27 10:56:58,379 INFO GET /jasmine-standalone-5.1.1/lib/jasmine-5.1.1/boot1.js -> 200
2026-08-27 10:56:58,379 INFO GET /jasmine-standalone-5.1.1/utillls/moneyTest.js -> 200
2026-08-27 10:56:58,697 INFO GET /jasmine-standalone-5.1.1/dataOnCart/carttest.js -> 200
2026-08-27 10:56:58,702 INFO GET /jasmine-standalone-5.1.1/tests/cart-edge-test.js -> 200
2026-08-27 10:56:58,705 INFO GET /jasmine-standalone-5.1.1/tests/login-routing-test.js -> 200
2026-08-27 10:56:58,730 INFO GET /scripts/uitils/money.js -> 304
2026-08-27 10:56:59,013 INFO GET /data/cart.js -> 304
2026-08-27 10:56:59,013 INFO GET /scripts/login-routing.js -> 200
2026-08-27 10:56:59,327 INFO GET /data/backend.js -> 304
2026-08-27 10:56:59,596 INFO PUT /me/cart -> 401
2026-08-27 10:56:59,662 INFO PUT /me/cart -> 401
2026-08-27 10:56:59,679 INFO PUT /me/cart -> 401
2026-08-27 10:56:59,698 INFO GET /jasmine-standalone-5.1.1/lib/jasmine-5.1.1/jasmine_favicon.png -> 200
2026-08-27 10:57:17,078 INFO POST /auth/login -> 200
2026-08-27 10:57:17,078 INFO GET /products -> 200
2026-08-27 10:57:17,078 INFO POST /cart/validate -> 404
2026-08-27 10:57:17,078 INFO POST /cart/validate -> 400
2026-08-27 10:57:17,277 INFO POST /auth/login -> 200
2026-08-27 10:57:17,277 INFO GET /products -> 200
2026-08-27 10:57:17,286 INFO GET /admin/people -> 403
2026-08-27 10:57:17,461 INFO POST /auth/login -> 200
2026-08-27 10:57:17,461 INFO GET /products -> 200
2026-08-27 10:57:17,461 INFO POST /orders -> 409
2026-08-27 10:57:17,473 INFO GET /products -> 200
2026-08-27 10:57:17,644 INFO POST /auth/login -> 200
2026-08-27 10:57:17,644 INFO GET /products -> 200
2026-08-27 10:57:17,661 INFO POST /orders -> 201
2026-08-27 10:57:17,828 INFO POST /auth/login -> 200
2026-08-27 10:57:17,828 INFO GET /products -> 200
2026-08-27 10:57:17,828 INFO GET /health -> 200
2026-08-27 10:57:17,994 INFO POST /auth/login -> 200
2026-08-27 10:57:18,011 INFO GET /products -> 200
2026-08-27 10:57:18,011 INFO POST /products -> 403
2026-08-27 10:57:18,178 INFO POST /auth/login -> 200
2026-08-27 10:57:18,178 INFO GET /products -> 200
2026-08-27 10:57:18,344 INFO POST /auth/signup -> 201
2026-08-27 10:57:18,344 INFO POST /auth/signup -> 409
2026-08-27 10:57:46,462 INFO POST /auth/login -> 200
2026-08-27 10:57:46,658 INFO POST /auth/login -> 200
2026-08-27 10:57:46,674 INFO GET /products -> 200
2026-08-27 10:57:46,674 INFO POST /cart/validate -> 404
2026-08-27 10:57:46,674 INFO POST /cart/validate -> 400
2026-08-27 10:57:46,874 INFO POST /auth/login -> 200
2026-08-27 10:57:47,058 INFO POST /auth/login -> 200
2026-08-27 10:57:47,058 INFO GET /products -> 200
2026-08-27 10:57:47,058 INFO GET /admin/people -> 403
2026-08-27 10:57:47,241 INFO POST /auth/login -> 200
2026-08-27 10:57:47,414 INFO POST /auth/login -> 200
2026-08-27 10:57:47,414 INFO GET /products -> 200
2026-08-27 10:57:47,425 INFO POST /orders -> 409
2026-08-27 10:57:47,426 INFO GET /products -> 200
2026-08-27 10:57:47,714 INFO POST /auth/login -> 200
2026-08-27 10:57:47,928 INFO POST /auth/login -> 200
2026-08-27 10:57:47,930 INFO GET /products -> 200
2026-08-27 10:57:47,943 INFO POST /orders -> 201
2026-08-27 10:57:48,130 INFO POST /auth/login -> 200
2026-08-27 10:57:48,296 INFO POST /auth/login -> 200
2026-08-27 10:57:48,306 INFO GET /products -> 200
2026-08-27 10:57:48,308 INFO GET /health -> 200
2026-08-27 10:57:48,493 INFO POST /auth/login -> 200
2026-08-27 10:57:48,675 INFO POST /auth/login -> 200
2026-08-27 10:57:48,678 INFO GET /products -> 200
2026-08-27 10:57:48,680 INFO POST /products -> 400
2026-08-27 10:57:48,861 INFO POST /auth/login -> 200
2026-08-27 10:57:49,029 INFO POST /auth/login -> 200
2026-08-27 10:57:49,040 INFO GET /products -> 200
2026-08-27 10:57:49,212 INFO POST /auth/signup -> 201
2026-08-27 10:57:49,213 INFO POST /auth/signup -> 409
